// Bun Snapshot v1, https://goo.gl/fbAQLP

exports[`Binary Expressions BinaryTest Artifacts Maintains program size 1`] = `461`;
